[2025-07-01 09:01:12,806][ERROR][bootstrap                ] Exception
java.lang.IllegalStateException: Unable to access 'path.plugins' (/opt/elasticsearch/plugins)
	at org.elasticsearch.bootstrap.Security.addPath(Security.java:316)
	at org.elasticsearch.bootstrap.Security.addFilePermissions(Security.java:246)
	at org.elasticsearch.bootstrap.Security.createPermissions(Security.java:212)
	at org.elasticsearch.bootstrap.Security.configure(Security.java:118)
	at org.elasticsearch.bootstrap.Bootstrap.setupSecurity(Bootstrap.java:196)
	at org.elasticsearch.bootstrap.Bootstrap.setup(Bootstrap.java:167)
	at org.elasticsearch.bootstrap.Bootstrap.init(Bootstrap.java:285)
	at org.elasticsearch.bootstrap.Elasticsearch.main(Elasticsearch.java:35)
Caused by: java.nio.file.AccessDeniedException: /opt/elasticsearch/plugins
	at sun.nio.fs.UnixException.translateToIOException(UnixException.java:84)
	at sun.nio.fs.UnixException.rethrowAsIOException(UnixException.java:102)
	at sun.nio.fs.UnixException.rethrowAsIOException(UnixException.java:107)
	at sun.nio.fs.UnixFileSystemProvider.createDirectory(UnixFileSystemProvider.java:384)
	at java.nio.file.Files.createDirectory(Files.java:674)
	at java.nio.file.Files.createAndCheckIsDirectory(Files.java:781)
	at java.nio.file.Files.createDirectories(Files.java:767)
	at org.elasticsearch.bootstrap.Security.ensureDirectoryExists(Security.java:337)
	at org.elasticsearch.bootstrap.Security.addPath(Security.java:314)
	... 7 more
[2025-07-01 09:02:23,581][ERROR][bootstrap                ] Exception
java.lang.IllegalStateException: Unable to access 'path.scripts' (/opt/elasticsearch/config/scripts)
	at org.elasticsearch.bootstrap.Security.addPath(Security.java:316)
	at org.elasticsearch.bootstrap.Security.addFilePermissions(Security.java:248)
	at org.elasticsearch.bootstrap.Security.createPermissions(Security.java:212)
	at org.elasticsearch.bootstrap.Security.configure(Security.java:118)
	at org.elasticsearch.bootstrap.Bootstrap.setupSecurity(Bootstrap.java:196)
	at org.elasticsearch.bootstrap.Bootstrap.setup(Bootstrap.java:167)
	at org.elasticsearch.bootstrap.Bootstrap.init(Bootstrap.java:285)
	at org.elasticsearch.bootstrap.Elasticsearch.main(Elasticsearch.java:35)
Caused by: java.nio.file.AccessDeniedException: /opt/elasticsearch/config/scripts
	at sun.nio.fs.UnixException.translateToIOException(UnixException.java:84)
	at sun.nio.fs.UnixException.rethrowAsIOException(UnixException.java:102)
	at sun.nio.fs.UnixException.rethrowAsIOException(UnixException.java:107)
	at sun.nio.fs.UnixFileSystemProvider.createDirectory(UnixFileSystemProvider.java:384)
	at java.nio.file.Files.createDirectory(Files.java:674)
	at java.nio.file.Files.createAndCheckIsDirectory(Files.java:781)
	at java.nio.file.Files.createDirectories(Files.java:767)
	at org.elasticsearch.bootstrap.Security.ensureDirectoryExists(Security.java:337)
	at org.elasticsearch.bootstrap.Security.addPath(Security.java:314)
	... 7 more
